// Jest Snapshot v1, https://goo.gl/fbAQLP

exports[`Cloudfront Stack Created 1`] = `
{
  "Parameters": {
    "BootstrapVersion": {
      "Default": "/cdk-bootstrap/hnb659fds/version",
      "Description": "Version of the CDK Bootstrap resources in this environment, automatically retrieved from SSM Parameter Store. [cdk:skip]",
      "Type": "AWS::SSM::Parameter::Value<String>",
    },
  },
  "Resources": {
    "Distribution830FAC52": {
      "Properties": {
        "DistributionConfig": {
          "Aliases": [
            "staging-decidim-alb-origin.diycities.jp",
          ],
          "CacheBehaviors": [
            {
              "AllowedMethods": [
                "GET",
                "HEAD",
                "OPTIONS",
              ],
              "CachePolicyId": "658327ea-f89d-4fab-a63d-7e88639e58f6",
              "Compress": true,
              "PathPattern": "decidim-packs/*",
              "TargetOriginId": "stagingdecidimCloudFrontStackDistributionOrigin1E886134A",
              "ViewerProtocolPolicy": "redirect-to-https",
            },
          ],
          "Comment": "staging-decidim-cloudfront",
          "DefaultCacheBehavior": {
            "AllowedMethods": [
              "GET",
              "HEAD",
              "OPTIONS",
              "PUT",
              "PATCH",
              "POST",
              "DELETE",
            ],
            "CachePolicyId": "4135ea2d-6df8-44a3-9df3-4b5a84be39ad",
            "Compress": true,
            "OriginRequestPolicyId": "216adef6-5c7f-47e4-b989-5492eafa07d3",
            "TargetOriginId": "stagingdecidimCloudFrontStackDistributionOrigin1E886134A",
            "ViewerProtocolPolicy": "redirect-to-https",
          },
          "Enabled": true,
          "HttpVersion": "http2",
          "IPV6Enabled": true,
          "Origins": [
            {
              "CustomOriginConfig": {
                "OriginProtocolPolicy": "https-only",
                "OriginSSLProtocols": [
                  "TLSv1.2",
                ],
              },
              "DomainName": "staging-decidim-alb-origin.diycities.jp",
              "Id": "stagingdecidimCloudFrontStackDistributionOrigin1E886134A",
            },
          ],
          "PriceClass": "PriceClass_All",
          "ViewerCertificate": {
            "AcmCertificateArn": "arn:aws:acm:us-east-1:887442827229:certificate/8aec1d57-e068-47f3-a180-e0c1fbb782de",
            "MinimumProtocolVersion": "TLSv1.2_2021",
            "SslSupportMethod": "sni-only",
          },
        },
      },
      "Type": "AWS::CloudFront::Distribution",
    },
  },
  "Rules": {
    "CheckBootstrapVersion": {
      "Assertions": [
        {
          "Assert": {
            "Fn::Not": [
              {
                "Fn::Contains": [
                  [
                    "1",
                    "2",
                    "3",
                    "4",
                    "5",
                  ],
                  {
                    "Ref": "BootstrapVersion",
                  },
                ],
              },
            ],
          },
          "AssertDescription": "CDK bootstrap stack version 6 required. Please run 'cdk bootstrap' with a recent version of the CDK CLI.",
        },
      ],
    },
  },
}
`;
